// Jest Snapshot v1, https://goo.gl/fbAQLP

exports[`ErrorView ++++ snapshot match 1`] = `
<Fragment>
  <div
    className="center"
  >
    <div
      className="pr-3"
    >
      <h1
        className="display-1"
      >
        401
      </h1>
    </div>
    <div>
      <h4
        className="display-4"
      >
        <sub>
          UnAuthorised
        </sub>
      </h4>
    </div>
  </div>
</Fragment>
`;
