// Jest Snapshot v1, https://goo.gl/fbAQLP

exports[`Error ++++ snapshot match 1`] = `<ErrorView />`;
